/home/ri-one/SudoPsPsPs/SudoPspsps/install/sudo_pspsps/lib/python3.10/site-packages/sudo_pspsps/__init__.py
/home/ri-one/SudoPsPsPs/SudoPspsps/install/sudo_pspsps/lib/python3.10/site-packages/sudo_pspsps/dynamixel_driver.py
/home/ri-one/SudoPsPsPs/SudoPspsps/install/sudo_pspsps/lib/python3.10/site-packages/sudo_pspsps/camera_node.py
/home/ri-one/SudoPsPsPs/SudoPspsps/install/sudo_pspsps/lib/python3.10/site-packages/sudo_pspsps/brain_node.py
/home/ri-one/SudoPsPsPs/SudoPspsps/install/sudo_pspsps/lib/python3.10/site-packages/sudo_pspsps/head_node.py
/home/ri-one/SudoPsPsPs/SudoPspsps/install/sudo_pspsps/lib/python3.10/site-packages/sudo_pspsps/tts_node.py
/home/ri-one/SudoPsPsPs/SudoPspsps/install/sudo_pspsps/lib/python3.10/site-packages/sudo_pspsps/hardware_test.py
/home/ri-one/SudoPsPsPs/SudoPspsps/install/sudo_pspsps/lib/python3.10/site-packages/sudo_pspsps/__pycache__/__init__.cpython-310.pyc
/home/ri-one/SudoPsPsPs/SudoPspsps/install/sudo_pspsps/lib/python3.10/site-packages/sudo_pspsps/__pycache__/dynamixel_driver.cpython-310.pyc
/home/ri-one/SudoPsPsPs/SudoPspsps/install/sudo_pspsps/lib/python3.10/site-packages/sudo_pspsps/__pycache__/camera_node.cpython-310.pyc
/home/ri-one/SudoPsPsPs/SudoPspsps/install/sudo_pspsps/lib/python3.10/site-packages/sudo_pspsps/__pycache__/brain_node.cpython-310.pyc
/home/ri-one/SudoPsPsPs/SudoPspsps/install/sudo_pspsps/lib/python3.10/site-packages/sudo_pspsps/__pycache__/head_node.cpython-310.pyc
/home/ri-one/SudoPsPsPs/SudoPspsps/install/sudo_pspsps/lib/python3.10/site-packages/sudo_pspsps/__pycache__/tts_node.cpython-310.pyc
/home/ri-one/SudoPsPsPs/SudoPspsps/install/sudo_pspsps/lib/python3.10/site-packages/sudo_pspsps/__pycache__/hardware_test.cpython-310.pyc
/home/ri-one/SudoPsPsPs/SudoPspsps/install/sudo_pspsps/share/ament_index/resource_index/packages/sudo_pspsps
/home/ri-one/SudoPsPsPs/SudoPspsps/install/sudo_pspsps/share/sudo_pspsps/package.xml
/home/ri-one/SudoPsPsPs/SudoPspsps/install/sudo_pspsps/lib/python3.10/site-packages/sudo_pspsps-0.0.0-py3.10.egg-info/zip-safe
/home/ri-one/SudoPsPsPs/SudoPspsps/install/sudo_pspsps/lib/python3.10/site-packages/sudo_pspsps-0.0.0-py3.10.egg-info/PKG-INFO
/home/ri-one/SudoPsPsPs/SudoPspsps/install/sudo_pspsps/lib/python3.10/site-packages/sudo_pspsps-0.0.0-py3.10.egg-info/entry_points.txt
/home/ri-one/SudoPsPsPs/SudoPspsps/install/sudo_pspsps/lib/python3.10/site-packages/sudo_pspsps-0.0.0-py3.10.egg-info/SOURCES.txt
/home/ri-one/SudoPsPsPs/SudoPspsps/install/sudo_pspsps/lib/python3.10/site-packages/sudo_pspsps-0.0.0-py3.10.egg-info/requires.txt
/home/ri-one/SudoPsPsPs/SudoPspsps/install/sudo_pspsps/lib/python3.10/site-packages/sudo_pspsps-0.0.0-py3.10.egg-info/dependency_links.txt
/home/ri-one/SudoPsPsPs/SudoPspsps/install/sudo_pspsps/lib/python3.10/site-packages/sudo_pspsps-0.0.0-py3.10.egg-info/top_level.txt
/home/ri-one/SudoPsPsPs/SudoPspsps/install/sudo_pspsps/lib/sudo_pspsps/brain_node
/home/ri-one/SudoPsPsPs/SudoPspsps/install/sudo_pspsps/lib/sudo_pspsps/camera_node
/home/ri-one/SudoPsPsPs/SudoPspsps/install/sudo_pspsps/lib/sudo_pspsps/head_node
/home/ri-one/SudoPsPsPs/SudoPspsps/install/sudo_pspsps/lib/sudo_pspsps/tts_node
