[0.479s] Invoking command in '/home/ri-one/SudoPsPsPs/SudoPspsps/sudo_pspsps': PYTHONPATH=/home/ri-one/SudoPsPsPs/SudoPspsps/build/sudo_pspsps/prefix_override:/usr/lib/python3/dist-packages/colcon_core/task/python/colcon_distutils_commands:/home/ri-one/SudoPsPsPs/SudoPspsps/install/sudo_pspsps/lib/python3.10/site-packages:${PYTHONPATH} /usr/bin/python3 -W ignore:setup.py install is deprecated -W ignore:easy_install command is deprecated setup.py egg_info --egg-base ../build/sudo_pspsps build --build-base /home/ri-one/SudoPsPsPs/SudoPspsps/build/sudo_pspsps/build install --record /home/ri-one/SudoPsPsPs/SudoPspsps/build/sudo_pspsps/install.log --single-version-externally-managed install_data
[0.645s] running egg_info
[0.645s] writing ../build/sudo_pspsps/sudo_pspsps.egg-info/PKG-INFO
[0.645s] writing dependency_links to ../build/sudo_pspsps/sudo_pspsps.egg-info/dependency_links.txt
[0.645s] writing entry points to ../build/sudo_pspsps/sudo_pspsps.egg-info/entry_points.txt
[0.645s] writing requirements to ../build/sudo_pspsps/sudo_pspsps.egg-info/requires.txt
[0.645s] writing top-level names to ../build/sudo_pspsps/sudo_pspsps.egg-info/top_level.txt
[0.646s] reading manifest file '../build/sudo_pspsps/sudo_pspsps.egg-info/SOURCES.txt'
[0.647s] writing manifest file '../build/sudo_pspsps/sudo_pspsps.egg-info/SOURCES.txt'
[0.647s] running build
[0.647s] running build_py
[0.647s] copying sudo_pspsps/tts_node.py -> /home/ri-one/SudoPsPsPs/SudoPspsps/build/sudo_pspsps/build/lib/sudo_pspsps
[0.647s] running install
[0.647s] running install_lib
[0.648s] copying /home/ri-one/SudoPsPsPs/SudoPspsps/build/sudo_pspsps/build/lib/sudo_pspsps/tts_node.py -> /home/ri-one/SudoPsPsPs/SudoPspsps/install/sudo_pspsps/lib/python3.10/site-packages/sudo_pspsps
[0.648s] byte-compiling /home/ri-one/SudoPsPsPs/SudoPspsps/install/sudo_pspsps/lib/python3.10/site-packages/sudo_pspsps/tts_node.py to tts_node.cpython-310.pyc
[0.649s] running install_data
[0.649s] running install_egg_info
[0.650s] removing '/home/ri-one/SudoPsPsPs/SudoPspsps/install/sudo_pspsps/lib/python3.10/site-packages/sudo_pspsps-0.0.0-py3.10.egg-info' (and everything under it)
[0.650s] Copying ../build/sudo_pspsps/sudo_pspsps.egg-info to /home/ri-one/SudoPsPsPs/SudoPspsps/install/sudo_pspsps/lib/python3.10/site-packages/sudo_pspsps-0.0.0-py3.10.egg-info
[0.650s] running install_scripts
[0.664s] Installing brain_node script to /home/ri-one/SudoPsPsPs/SudoPspsps/install/sudo_pspsps/lib/sudo_pspsps
[0.664s] Installing camera_node script to /home/ri-one/SudoPsPsPs/SudoPspsps/install/sudo_pspsps/lib/sudo_pspsps
[0.664s] Installing head_node script to /home/ri-one/SudoPsPsPs/SudoPspsps/install/sudo_pspsps/lib/sudo_pspsps
[0.664s] Installing tts_node script to /home/ri-one/SudoPsPsPs/SudoPspsps/install/sudo_pspsps/lib/sudo_pspsps
[0.664s] writing list of installed files to '/home/ri-one/SudoPsPsPs/SudoPspsps/build/sudo_pspsps/install.log'
[0.678s] Invoked command in '/home/ri-one/SudoPsPsPs/SudoPspsps/sudo_pspsps' returned '0': PYTHONPATH=/home/ri-one/SudoPsPsPs/SudoPspsps/build/sudo_pspsps/prefix_override:/usr/lib/python3/dist-packages/colcon_core/task/python/colcon_distutils_commands:/home/ri-one/SudoPsPsPs/SudoPspsps/install/sudo_pspsps/lib/python3.10/site-packages:${PYTHONPATH} /usr/bin/python3 -W ignore:setup.py install is deprecated -W ignore:easy_install command is deprecated setup.py egg_info --egg-base ../build/sudo_pspsps build --build-base /home/ri-one/SudoPsPsPs/SudoPspsps/build/sudo_pspsps/build install --record /home/ri-one/SudoPsPsPs/SudoPspsps/build/sudo_pspsps/install.log --single-version-externally-managed install_data
