running egg_info
writing ../build/sudo_pspsps/sudo_pspsps.egg-info/PKG-INFO
writing dependency_links to ../build/sudo_pspsps/sudo_pspsps.egg-info/dependency_links.txt
writing entry points to ../build/sudo_pspsps/sudo_pspsps.egg-info/entry_points.txt
writing requirements to ../build/sudo_pspsps/sudo_pspsps.egg-info/requires.txt
writing top-level names to ../build/sudo_pspsps/sudo_pspsps.egg-info/top_level.txt
reading manifest file '../build/sudo_pspsps/sudo_pspsps.egg-info/SOURCES.txt'
writing manifest file '../build/sudo_pspsps/sudo_pspsps.egg-info/SOURCES.txt'
running build
running build_py
copying sudo_pspsps/tts_node.py -> /home/ri-one/SudoPsPsPs/SudoPspsps/build/sudo_pspsps/build/lib/sudo_pspsps
running install
running install_lib
copying /home/ri-one/SudoPsPsPs/SudoPspsps/build/sudo_pspsps/build/lib/sudo_pspsps/tts_node.py -> /home/ri-one/SudoPsPsPs/SudoPspsps/install/sudo_pspsps/lib/python3.10/site-packages/sudo_pspsps
byte-compiling /home/ri-one/SudoPsPsPs/SudoPspsps/install/sudo_pspsps/lib/python3.10/site-packages/sudo_pspsps/tts_node.py to tts_node.cpython-310.pyc
running install_data
running install_egg_info
removing '/home/ri-one/SudoPsPsPs/SudoPspsps/install/sudo_pspsps/lib/python3.10/site-packages/sudo_pspsps-0.0.0-py3.10.egg-info' (and everything under it)
Copying ../build/sudo_pspsps/sudo_pspsps.egg-info to /home/ri-one/SudoPsPsPs/SudoPspsps/install/sudo_pspsps/lib/python3.10/site-packages/sudo_pspsps-0.0.0-py3.10.egg-info
running install_scripts
Installing brain_node script to /home/ri-one/SudoPsPsPs/SudoPspsps/install/sudo_pspsps/lib/sudo_pspsps
Installing camera_node script to /home/ri-one/SudoPsPsPs/SudoPspsps/install/sudo_pspsps/lib/sudo_pspsps
Installing head_node script to /home/ri-one/SudoPsPsPs/SudoPspsps/install/sudo_pspsps/lib/sudo_pspsps
Installing tts_node script to /home/ri-one/SudoPsPsPs/SudoPspsps/install/sudo_pspsps/lib/sudo_pspsps
writing list of installed files to '/home/ri-one/SudoPsPsPs/SudoPspsps/build/sudo_pspsps/install.log'
